https://github.com/UU-Hydro/PCR-GLOBWB_model/commit/ccf2bf9e83ffd50448a530cb34864546d62d9ac8